{"level":"info","message":"Connected to MongoDB","timestamp":"2026-08-09T02:18:18.319Z"}
{"level":"info","message":"Server running on port 5000","timestamp":"2026-08-09T02:18:18.492Z"}
{"level":"info","message":"Connected to MongoDB","timestamp":"2026-08-09T02:19:00.337Z"}
{"level":"info","message":"Server running on port 5000","timestamp":"2026-08-09T02:19:00.357Z"}
{"level":"info","message":"Connected to MongoDB","timestamp":"2026-08-09T02:19:39.816Z"}
{"level":"info","message":"Server running on port 5000","timestamp":"2026-08-09T02:19:39.846Z"}
{"level":"info","message":"Connected to MongoDB","timestamp":"2026-08-09T02:20:00.586Z"}
{"level":"info","message":"Server running on port 5000","timestamp":"2026-08-09T02:20:00.612Z"}
{"level":"info","message":"Connected to MongoDB","timestamp":"2026-08-09T02:21:46.065Z"}
{"level":"info","message":"Server running on port 5000","timestamp":"2026-08-09T02:21:46.087Z"}
{"level":"info","message":"Connected to MongoDB","timestamp":"2026-08-09T02:22:05.438Z"}
{"level":"info","message":"Server running on port 5000","timestamp":"2026-08-09T02:22:05.461Z"}
{"level":"info","message":"Connected to MongoDB","timestamp":"2026-08-09T02:24:08.048Z"}
{"level":"info","message":"Server running on port 5000","timestamp":"2026-08-09T02:24:08.085Z"}
{"level":"info","message":"Connected to MongoDB","timestamp":"2026-08-09T02:27:39.820Z"}
{"level":"info","message":"Server running on port 5000","timestamp":"2026-08-09T02:27:39.853Z"}
{"level":"info","message":"Connected to MongoDB","timestamp":"2026-08-09T02:27:42.836Z"}
{"level":"info","message":"Server running on port 5000","timestamp":"2026-08-09T02:27:42.880Z"}
{"level":"info","message":"Connected to MongoDB","timestamp":"2026-08-09T02:29:10.289Z"}
{"level":"info","message":"Server running on port 5000","timestamp":"2026-08-09T02:29:10.332Z"}
{"level":"info","message":"Connected to MongoDB","timestamp":"2026-08-09T02:29:53.375Z"}
{"level":"info","message":"Server running on port 5000","timestamp":"2026-08-09T02:29:53.395Z"}
{"level":"info","message":"Connected to MongoDB","timestamp":"2026-08-09T02:31:49.535Z"}
{"level":"info","message":"Server running on port 5000","timestamp":"2026-08-09T02:31:49.559Z"}
{"level":"info","message":"Connected to MongoDB","timestamp":"2026-08-09T02:34:51.762Z"}
{"level":"info","message":"Server running on port 5000","timestamp":"2026-08-09T02:34:51.784Z"}
{"level":"info","message":"Connected to MongoDB","timestamp":"2026-08-09T02:47:18.282Z"}
{"level":"info","message":"Server running on port 5000","timestamp":"2026-08-09T02:47:18.304Z"}
{"level":"info","message":"Connected to MongoDB","timestamp":"2026-08-09T02:59:11.573Z"}
{"level":"info","message":"Server running on port 5000","timestamp":"2026-08-09T02:59:11.593Z"}
{"level":"info","message":"Connected to MongoDB","timestamp":"2026-08-09T03:14:49.127Z"}
{"level":"info","message":"Server running on port 5000","timestamp":"2026-08-09T03:14:49.167Z"}
{"level":"info","message":"Connected to MongoDB","timestamp":"2026-08-09T03:17:54.837Z"}
{"level":"info","message":"Server running on port 5000","timestamp":"2026-08-09T03:17:54.863Z"}
{"level":"info","message":"Connected to MongoDB","timestamp":"2026-08-09T04:33:31.845Z"}
{"level":"info","message":"Server running on port 5000","timestamp":"2026-08-09T04:33:31.864Z"}
{"level":"info","message":"Connected to MongoDB","timestamp":"2026-08-09T04:38:50.483Z"}
{"level":"info","message":"Server running on port 5000","timestamp":"2026-08-09T04:38:50.510Z"}
{"level":"info","message":"Connected to MongoDB","timestamp":"2026-08-09T06:36:43.672Z"}
{"level":"info","message":"Server running on port 5000","timestamp":"2026-08-09T06:36:43.697Z"}
{"level":"info","message":"Connected to MongoDB","timestamp":"2026-08-10T10:20:05.088Z"}
{"level":"info","message":"Server running on port 5000","timestamp":"2026-08-10T10:20:05.104Z"}
{"level":"info","message":"Connected to MongoDB","timestamp":"2026-08-10T12:09:09.424Z"}
{"level":"info","message":"Server running on port 5000","timestamp":"2026-08-10T12:09:09.445Z"}
{"level":"info","message":"Connected to MongoDB","timestamp":"2026-08-10T12:38:57.214Z"}
{"level":"info","message":"Server running on port 5000","timestamp":"2026-08-10T12:38:57.230Z"}
{"level":"info","message":"Socket connected: sajha.manager@gmail.com (manager)","timestamp":"2026-08-10T13:11:09.229Z"}
{"level":"info","message":"Socket disconnected: sajha.manager@gmail.com","timestamp":"2026-08-10T13:11:09.243Z"}
{"level":"info","message":"Socket connected: rt-test-1786367613817@mail.com (member)","timestamp":"2026-08-10T13:13:41.350Z"}
{"level":"info","message":"Socket connected: sajha.manager@gmail.com (manager)","timestamp":"2026-08-10T13:13:41.414Z"}
{"level":"info","message":"Socket disconnected: rt-test-1786367613817@mail.com","timestamp":"2026-08-10T13:13:55.440Z"}
{"level":"info","message":"Socket disconnected: sajha.manager@gmail.com","timestamp":"2026-08-10T13:13:55.442Z"}
{"level":"info","message":"Socket connected: sajha.manager@gmail.com (manager)","timestamp":"2026-08-10T13:19:20.688Z"}
{"level":"info","message":"Socket disconnected: sajha.manager@gmail.com","timestamp":"2026-08-10T13:20:05.607Z"}
{"level":"info","message":"Socket connected: ram@gmail.com (member)","timestamp":"2026-08-10T13:23:46.496Z"}
{"level":"info","message":"Connected to MongoDB","timestamp":"2026-08-10T13:24:19.739Z"}
{"level":"info","message":"Server running on port 5000","timestamp":"2026-08-10T13:24:19.764Z"}
{"level":"info","message":"Socket connected: ram@gmail.com (member)","timestamp":"2026-08-10T13:24:20.516Z"}
{"level":"info","message":"Socket connected: katmcooperative@gmail.com (manager)","timestamp":"2026-08-10T13:26:30.498Z"}
{"level":"info","message":"Socket disconnected: katmcooperative@gmail.com","timestamp":"2026-08-10T13:27:53.486Z"}
{"level":"info","message":"Socket connected: katmcooperative@gmail.com (manager)","timestamp":"2026-08-10T13:27:55.033Z"}
{"level":"info","message":"Socket disconnected: ram@gmail.com","timestamp":"2026-08-10T13:42:39.219Z"}
{"level":"info","message":"Socket disconnected: katmcooperative@gmail.com","timestamp":"2026-08-10T13:48:43.879Z"}
