
> rural-bank@0.0.0 dev
> vite


  [32m[1mVITE[22m v8.1.4[39m  [2mready in [0m[1m961[22m[2m[0m ms[22m

  [32m➜[39m  [1mLocal[22m:   [36mhttp://localhost:[1m5173[22m/[39m
[2m  [32m➜[39m  [1mNetwork[22m[2m: use [22m[1m--host[22m[2m to expose[22m
[2m9:14:55 AM[22m [36m[1m[vite][22m[39m [90m[2m(client)[22m[39m [32mhmr update [39m[2m/src/pages/home/Home.jsx, /src/index.css[22m
[2m9:14:58 AM[22m [36m[1m[vite][22m[39m [90m[2m(client)[22m[39m [32mhmr update [39m[2m/src/pages/home/Home.jsx, /src/index.css[22m
[2m9:15:08 AM[22m [36m[1m[vite][22m[39m [90m[2m(client)[22m[39m [32mhmr update [39m[2m/src/pages/home/Home.jsx, /src/index.css[22m
[2m9:15:18 AM[22m [36m[1m[vite][22m[39m [90m[2m(client)[22m[39m [32mpage reload [39m[2mdist/index.html[22m
[2m9:15:19 AM[22m [36m[1m[vite][22m[39m [90m[2m(client)[22m[39m [32mpage reload [39m[2mdist/index.html[22m
[2m9:17:46 AM[22m [36m[1m[vite][22m[39m [90m[2m(client)[22m[39m [32mhmr update [39m[2m/src/pages/home/Home.jsx, /src/index.css[22m
[2m9:17:50 AM[22m [36m[1m[vite][22m[39m [90m[2m(client)[22m[39m [32mhmr update [39m[2m/src/pages/home/Home.jsx, /src/index.css[22m
[2m9:17:59 AM[22m [36m[1m[vite][22m[39m [90m[2m(client)[22m[39m [32mpage reload [39m[2mdist/index.html[22m
[2m9:18:00 AM[22m [36m[1m[vite][22m[39m [90m[2m(client)[22m[39m [32mpage reload [39m[2mdist/index.html[22m
[2m9:19:56 AM[22m [36m[1m[vite][22m[39m [90m[2m(client)[22m[39m [32mhmr update [39m[2m/src/pages/home/Home.jsx, /src/index.css[22m
[2m9:20:02 AM[22m [36m[1m[vite][22m[39m [90m[2m(client)[22m[39m [32mhmr update [39m[2m/src/pages/home/Home.jsx, /src/index.css[22m
[2m9:20:06 AM[22m [36m[1m[vite][22m[39m [90m[2m(client)[22m[39m [32mhmr update [39m[2m/src/pages/home/Home.jsx, /src/index.css[22m
[2m9:20:09 AM[22m [36m[1m[vite][22m[39m [90m[2m(client)[22m[39m [32mhmr update [39m[2m/src/pages/home/Home.jsx, /src/index.css[22m
[2m9:20:17 AM[22m [36m[1m[vite][22m[39m [90m[2m(client)[22m[39m [32mpage reload [39m[2mdist/index.html[22m
[2m9:20:19 AM[22m [36m[1m[vite][22m[39m [90m[2m(client)[22m[39m [32mpage reload [39m[2mdist/index.html[22m
[2m9:20:41 AM[22m [36m[1m[vite][22m[39m [90m[2m(client)[22m[39m [32mhmr update [39m[2m/src/pages/home/Home.jsx, /src/index.css[22m
[2m9:20:43 AM[22m [36m[1m[vite][22m[39m [90m[2m(client)[22m[39m [32mhmr update [39m[2m/src/pages/marketplace/CooperativeProfile.jsx, /src/index.css[22m
[2m9:20:46 AM[22m [36m[1m[vite][22m[39m [90m[2m(client)[22m[39m [32mhmr update [39m[2m/src/pages/marketplace/ApplyMembership.jsx, /src/index.css[22m
[2m9:20:49 AM[22m [36m[1m[vite][22m[39m [90m[2m(client)[22m[39m [32mpage reload [39m[2mdist/index.html[22m
[2m9:20:50 AM[22m [36m[1m[vite][22m[39m [90m[2m(client)[22m[39m [32mpage reload [39m[2mdist/index.html[22m
[2m9:23:33 AM[22m [36m[1m[vite][22m[39m [90m[2m(client)[22m[39m [32mhmr update [39m[2m/src/pages/home/Home.jsx, /src/index.css[22m
[2m9:23:41 AM[22m [36m[1m[vite][22m[39m [90m[2m(client)[22m[39m [32mpage reload [39m[2mdist/index.html[22m
[2m9:23:42 AM[22m [36m[1m[vite][22m[39m [90m[2m(client)[22m[39m [32mpage reload [39m[2mdist/index.html[22m
[2m9:24:53 AM[22m [36m[1m[vite][22m[39m [90m[2m(client)[22m[39m [32mhmr update [39m[2m/src/pages/marketplace/MarketplaceDirectory.jsx, /src/index.css[22m
[2m9:24:58 AM[22m [36m[1m[vite][22m[39m [90m[2m(client)[22m[39m [32mhmr update [39m[2m/src/pages/marketplace/MarketplaceDirectory.jsx, /src/index.css[22m
[2m9:25:09 AM[22m [36m[1m[vite][22m[39m [90m[2m(client)[22m[39m [32mhmr update [39m[2m/src/pages/marketplace/MarketplaceDirectory.jsx, /src/index.css[22m
[2m9:25:18 AM[22m [36m[1m[vite][22m[39m [90m[2m(client)[22m[39m [32mpage reload [39m[2mdist/index.html[22m
[2m9:25:19 AM[22m [36m[1m[vite][22m[39m [90m[2m(client)[22m[39m [32mpage reload [39m[2mdist/index.html[22m
[2m9:26:58 AM[22m [36m[1m[vite][22m[39m [90m[2m(client)[22m[39m [32mhmr update [39m[2m/src/pages/marketplace/MarketplaceDirectory.jsx, /src/index.css[22m
[2m9:27:02 AM[22m [36m[1m[vite][22m[39m [90m[2m(client)[22m[39m [32mhmr update [39m[2m/src/pages/marketplace/MarketplaceDirectory.jsx, /src/index.css[22m
[2m9:27:06 AM[22m [36m[1m[vite][22m[39m [90m[2m(client)[22m[39m [32mhmr update [39m[2m/src/pages/marketplace/MarketplaceDirectory.jsx, /src/index.css[22m
[2m9:27:09 AM[22m [36m[1m[vite][22m[39m [90m[2m(client)[22m[39m [32mhmr update [39m[2m/src/pages/marketplace/MarketplaceDirectory.jsx, /src/index.css[22m
[2m9:27:19 AM[22m [36m[1m[vite][22m[39m [90m[2m(client)[22m[39m [32mhmr update [39m[2m/src/pages/marketplace/MarketplaceDirectory.jsx, /src/index.css[22m
[2m9:30:09 AM[22m [36m[1m[vite][22m[39m [90m[2m(client)[22m[39m [32mhmr update [39m[2m/src/pages/marketplace/MarketplaceDirectory.jsx, /src/index.css[22m
[2m9:30:12 AM[22m [36m[1m[vite][22m[39m [90m[2m(client)[22m[39m [32mhmr update [39m[2m/src/pages/marketplace/MarketplaceDirectory.jsx, /src/index.css[22m
[2m9:30:21 AM[22m [36m[1m[vite][22m[39m [90m[2m(client)[22m[39m [32mpage reload [39m[2mdist/index.html[22m
[2m9:30:22 AM[22m [36m[1m[vite][22m[39m [90m[2m(client)[22m[39m [32mpage reload [39m[2mdist/index.html[22m
[2m9:54:07 AM[22m [36m[1m[vite][22m[39m [90m[2m(client)[22m[39m [32mhmr update [39m[2m/src/pages/home/Home.jsx, /src/index.css[22m
[2m9:54:10 AM[22m [36m[1m[vite][22m[39m [90m[2m(client)[22m[39m [32mhmr update [39m[2m/src/pages/home/Home.jsx, /src/index.css[22m
[2m9:54:13 AM[22m [36m[1m[vite][22m[39m [90m[2m(client)[22m[39m [32mhmr update [39m[2m/src/pages/home/Home.jsx, /src/index.css[22m
[2m9:54:18 AM[22m [36m[1m[vite][22m[39m [90m[2m(client)[22m[39m [32mhmr update [39m[2m/src/pages/home/Home.jsx, /src/index.css[22m
[2m9:54:23 AM[22m [36m[1m[vite][22m[39m [90m[2m(client)[22m[39m [32mpage reload [39m[2msrc/store/mainApi.js[22m
[2m9:56:47 AM[22m [36m[1m[vite][22m[39m [90m[2m(client)[22m[39m [32mhmr update [39m[2m/src/index.css[22m
[2m9:56:51 AM[22m [36m[1m[vite][22m[39m [90m[2m(client)[22m[39m [32mhmr update [39m[2m/src/components/Footer.jsx, /src/index.css[22m
[2m9:56:54 AM[22m [36m[1m[vite][22m[39m [90m[2m(client)[22m[39m [32mhmr update [39m[2m/src/components/Footer.jsx, /src/index.css[22m
[2m9:56:59 AM[22m [36m[1m[vite][22m[39m [90m[2m(client)[22m[39m [32mhmr update [39m[2m/src/components/Footer.jsx, /src/index.css[22m
[2m9:57:04 AM[22m [36m[1m[vite][22m[39m [90m[2m(client)[22m[39m [32mhmr update [39m[2m/src/components/Footer.jsx, /src/index.css[22m
[2m9:57:08 AM[22m [36m[1m[vite][22m[39m [90m[2m(client)[22m[39m [32mhmr update [39m[2m/src/components/Footer.jsx, /src/index.css[22m
[2m9:58:15 AM[22m [36m[1m[vite][22m[39m [90m[2m(client)[22m[39m [32mhmr update [39m[2m/src/pages/home/Home.jsx, /src/index.css[22m
[2m9:59:22 AM[22m [36m[1m[vite][22m[39m [90m[2m(client)[22m[39m [32mpage reload [39m[2msrc/store/mainApi.js[22m
[2m9:59:25 AM[22m [36m[1m[vite][22m[39m [90m[2m(client)[22m[39m [32mpage reload [39m[2msrc/store/mainApi.js[22m
[2m9:59:41 AM[22m [36m[1m[vite][22m[39m [90m[2m(client)[22m[39m [32mhmr update [39m[2m/src/context/AuthContext.jsx, /src/index.css[22m
[2m10:00:01 AM[22m [36m[1m[vite][22m[39m [90m[2m(client)[22m[39m [32mhmr update [39m[2m/src/store/AuthLoader.jsx, /src/index.css[22m
[2m10:00:13 AM[22m [36m[1m[vite][22m[39m [90m[2m(client)[22m[39m [32mhmr update [39m[2m/src/context/ThemeContext.jsx, /src/index.css[22m
[2m10:00:51 AM[22m [36m[1m[vite][22m[39m [90m[2m(client)[22m[39m [32mpage reload [39m[2msrc/store/mainApi.js[22m
[2m10:00:54 AM[22m [36m[1m[vite][22m[39m [90m[2m(client)[22m[39m [32mhmr update [39m[2m/src/index.css, /src/pages/transactions/TransactionList.jsx, /src/pages/transactions/TransactionDetail.jsx, /src/pages/reports/ReportsDashboard.jsx, /src/pages/member/MemberTransactions.jsx[22m
[2m10:00:57 AM[22m [36m[1m[vite][22m[39m [90m[2m(client)[22m[39m [32mhmr update [39m[2m/src/index.css, /src/pages/transactions/TransactionList.jsx, /src/pages/transactions/TransactionDetail.jsx, /src/pages/reports/ReportsDashboard.jsx, /src/pages/member/MemberTransactions.jsx[22m
[2m10:01:20 AM[22m [36m[1m[vite][22m[39m [90m[2m(client)[22m[39m [32mhmr update [39m[2m/src/pages/dashboard/Dashboard.jsx, /src/index.css[22m
[2m10:01:24 AM[22m [36m[1m[vite][22m[39m [90m[2m(client)[22m[39m [32mhmr update [39m[2m/src/pages/dashboard/Dashboard.jsx, /src/index.css[22m
[2m10:01:27 AM[22m [36m[1m[vite][22m[39m [90m[2m(client)[22m[39m [32mhmr update [39m[2m/src/pages/dashboard/Dashboard.jsx, /src/index.css[22m
[2m10:02:13 AM[22m [36m[1m[vite][22m[39m [90m[2m(client)[22m[39m [32mpage reload [39m[2msrc/store/mainApi.js[22m
[2m10:03:07 AM[22m [36m[1m[vite][22m[39m [90m[2m(client)[22m[39m [32mhmr update [39m[2m/src/context/ThemeContext.jsx, /src/index.css[22m
[2m10:03:12 AM[22m [36m[1m[vite][22m[39m [90m[2m(client)[22m[39m [32mpage reload [39m[2mindex.html[22m
[2m10:03:26 AM[22m [36m[1m[vite][22m[39m [90m[2m(client)[22m[39m [32mhmr update [39m[2m/src/index.css[22m
[2m10:03:50 AM[22m [36m[1m[vite][22m[39m [90m[2m(client)[22m[39m [32mhmr update [39m[2m/src/index.css[22m
[2m10:03:58 AM[22m [36m[1m[vite][22m[39m [90m[2m(client)[22m[39m [32mhmr update [39m[2m/src/components/layout/MainLayout.jsx, /src/index.css[22m
[2m10:04:22 AM[22m [36m[1m[vite][22m[39m [90m[2m(client)[22m[39m [32mhmr update [39m[2m/src/App.jsx, /src/index.css[22m
[2m10:04:26 AM[22m [36m[1m[vite][22m[39m [90m[2m(client)[22m[39m [32mhmr update [39m[2m/src/App.jsx, /src/index.css[22m
[2m10:04:30 AM[22m [36m[1m[vite][22m[39m [90m[2m(client)[22m[39m [32mhmr update [39m[2m/src/App.jsx, /src/index.css[22m
[2m10:04:49 AM[22m [36m[1m[vite][22m[39m [90m[2m(client)[22m[39m [32mhmr update [39m[2m/src/App.jsx, /src/index.css[22m
[2m10:04:52 AM[22m [36m[1m[vite][22m[39m [90m[2m(client)[22m[39m [32mhmr update [39m[2m/src/pages/member/MemberDashboard.jsx, /src/index.css[22m
[2m10:04:57 AM[22m [36m[1m[vite][22m[39m [90m[2m(client)[22m[39m [32mhmr update [39m[2m/src/index.css, /src/components/layout/Sidebar.jsx[22m
[2m10:04:58 AM[22m [36m[1m[vite][22m[39m [90m[2m(client)[22m[39m [32mhmr update [39m[2m/src/pages/member/MemberDashboard.jsx, /src/index.css[22m
[2m10:05:01 AM[22m [36m[1m[vite][22m[39m [90m[2m(client)[22m[39m [32mhmr update [39m[2m/src/index.css, /src/components/layout/Sidebar.jsx[22m
[2m10:05:03 AM[22m [36m[1m[vite][22m[39m [90m[2m(client)[22m[39m [32mhmr update [39m[2m/src/pages/member/MemberAccounts.jsx, /src/index.css[22m
[2m10:05:07 AM[22m [36m[1m[vite][22m[39m [90m[2m(client)[22m[39m [32mhmr update [39m[2m/src/pages/member/MemberAccounts.jsx, /src/index.css[22m
[2m10:05:08 AM[22m [36m[1m[vite][22m[39m [90m[2m(client)[22m[39m [32mhmr update [39m[2m/src/index.css, /src/components/layout/Sidebar.jsx[22m
[2m10:05:14 AM[22m [36m[1m[vite][22m[39m [90m[2m(client)[22m[39m [32mhmr update [39m[2m/src/pages/member/MemberLoans.jsx, /src/index.css[22m
[2m10:05:14 AM[22m [36m[1m[vite][22m[39m [90m[2m(client)[22m[39m [32mhmr update [39m[2m/src/index.css, /src/components/layout/Sidebar.jsx[22m
[2m10:05:18 AM[22m [36m[1m[vite][22m[39m [90m[2m(client)[22m[39m [32mhmr update [39m[2m/src/index.css, /src/components/layout/Sidebar.jsx[22m
[2m10:05:18 AM[22m [36m[1m[vite][22m[39m [90m[2m(client)[22m[39m [32mhmr update [39m[2m/src/index.css, /src/components/layout/Sidebar.jsx[22m
[2m10:05:19 AM[22m [36m[1m[vite][22m[39m [90m[2m(client)[22m[39m [32mhmr update [39m[2m/src/pages/member/MemberLoans.jsx, /src/index.css[22m
[2m10:05:23 AM[22m [36m[1m[vite][22m[39m [90m[2m(client)[22m[39m [32mhmr update [39m[2m/src/pages/member/MemberProfile.jsx, /src/index.css[22m
[2m10:05:25 AM[22m [36m[1m[vite][22m[39m [90m[2m(client)[22m[39m [32mhmr update [39m[2m/src/index.css, /src/components/layout/Topbar.jsx[22m
[2m10:05:28 AM[22m [36m[1m[vite][22m[39m [90m[2m(client)[22m[39m [32mhmr update [39m[2m/src/pages/admin/AdminDashboard.jsx, /src/index.css[22m
[2m10:05:30 AM[22m [36m[1m[vite][22m[39m [90m[2m(client)[22m[39m [32mhmr update [39m[2m/src/index.css, /src/components/layout/Topbar.jsx[22m
[2m10:05:30 AM[22m [36m[1m[vite][22m[39m [90m[2m(client)[22m[39m [32mhmr update [39m[2m/src/pages/member/MemberProfile.jsx, /src/index.css[22m
[2m10:05:34 AM[22m [36m[1m[vite][22m[39m [90m[2m(client)[22m[39m [32mhmr update [39m[2m/src/index.css, /src/components/layout/Topbar.jsx[22m
[2m10:05:34 AM[22m [36m[1m[vite][22m[39m [90m[2m(client)[22m[39m [32mhmr update [39m[2m/src/pages/member/MemberTransactions.jsx, /src/index.css[22m
[2m10:05:35 AM[22m [36m[1m[vite][22m[39m [90m[2m(client)[22m[39m [32mhmr update [39m[2m/src/pages/member/MemberTransactions.jsx, /src/index.css[22m
[2m10:05:38 AM[22m [36m[1m[vite][22m[39m [90m[2m(client)[22m[39m [32mhmr update [39m[2m/src/pages/admin/AdminDashboard.jsx, /src/index.css[22m
[2m10:05:40 AM[22m [36m[1m[vite][22m[39m [90m[2m(client)[22m[39m [32mhmr update [39m[2m/src/index.css, /src/components/layout/Topbar.jsx[22m
[2m10:05:40 AM[22m [36m[1m[vite][22m[39m [90m[2m(client)[22m[39m [32mhmr update [39m[2m/src/pages/member/MemberTransactions.jsx, /src/index.css[22m
[2m10:05:41 AM[22m [36m[1m[vite][22m[39m [90m[2m(client)[22m[39m [32mhmr update [39m[2m/src/pages/admin/CooperativeList.jsx, /src/index.css[22m
[2m10:05:45 AM[22m [36m[1m[vite][22m[39m [90m[2m(client)[22m[39m [32mhmr update [39m[2m/src/pages/member/ApplyLoan.jsx, /src/index.css[22m
[2m10:05:47 AM[22m [36m[1m[vite][22m[39m [90m[2m(client)[22m[39m [32mhmr update [39m[2m/src/pages/admin/CooperativeList.jsx, /src/index.css[22m
[2m10:05:49 AM[22m [36m[1m[vite][22m[39m [90m[2m(client)[22m[39m [32mhmr update [39m[2m/src/pages/member/ApplyLoan.jsx, /src/index.css[22m
[2m10:05:51 AM[22m [36m[1m[vite][22m[39m [90m[2m(client)[22m[39m [32mhmr update [39m[2m/src/pages/admin/CooperativeForm.jsx, /src/index.css[22m
[2m10:05:52 AM[22m [36m[1m[vite][22m[39m [90m[2m(client)[22m[39m [32mhmr update [39m[2m/src/pages/member/ApplyLoan.jsx, /src/index.css[22m
[2m10:05:58 AM[22m [36m[1m[vite][22m[39m [90m[2m(client)[22m[39m [32mhmr update [39m[2m/src/pages/accounts/AccountList.jsx, /src/index.css[22m
[2m10:05:58 AM[22m [36m[1m[vite][22m[39m [90m[2m(client)[22m[39m [32mhmr update [39m[2m/src/pages/member/ApplyLoan.jsx, /src/index.css[22m
[2m10:05:58 AM[22m [36m[1m[vite][22m[39m [90m[2m(client)[22m[39m [32mhmr update [39m[2m/src/pages/admin/CooperativeForm.jsx, /src/index.css[22m
[2m10:06:02 AM[22m [36m[1m[vite][22m[39m [90m[2m(client)[22m[39m [32mhmr update [39m[2m/src/pages/marketplace/ApplyMembership.jsx, /src/index.css[22m
[2m10:06:03 AM[22m [36m[1m[vite][22m[39m [90m[2m(client)[22m[39m [32mhmr update [39m[2m/src/index.css[22m
[2m10:06:03 AM[22m [36m[1m[vite][22m[39m [90m[2m(client)[22m[39m [32mhmr update [39m[2m/src/pages/admin/CooperativeForm.jsx, /src/index.css[22m
[2m10:06:03 AM[22m [36m[1m[vite][22m[39m [90m[2m(client)[22m[39m [32mhmr update [39m[2m/src/pages/accounts/AccountList.jsx, /src/index.css[22m
[2m10:06:04 AM[22m [36m[1m[vite][22m[39m [90m[2m(client)[22m[39m [32mhmr update [39m[2m/src/pages/admin/CooperativeForm.jsx, /src/index.css[22m
[2m10:06:04 AM[22m [36m[1m[vite][22m[39m [90m[2m(client)[22m[39m [32mhmr update [39m[2m/src/App.jsx, /src/index.css[22m
[2m10:06:07 AM[22m [36m[1m[vite][22m[39m [90m[2m(client)[22m[39m [32mhmr update [39m[2m/src/pages/marketplace/ApplyMembership.jsx, /src/index.css[22m
[2m10:06:07 AM[22m [36m[1m[vite][22m[39m [90m[2m(client)[22m[39m [32mhmr update [39m[2m/src/pages/admin/CooperativeDetail.jsx, /src/index.css[22m
[2m10:06:09 AM[22m [36m[1m[vite][22m[39m [90m[2m(client)[22m[39m [32mhmr update [39m[2m/src/pages/accounts/AccountList.jsx, /src/index.css[22m
[2m10:06:12 AM[22m [36m[1m[vite][22m[39m [90m[2m(client)[22m[39m [32mhmr update [39m[2m/src/pages/marketplace/ApplyMembership.jsx, /src/index.css[22m
[2m10:06:14 AM[22m [36m[1m[vite][22m[39m [90m[2m(client)[22m[39m [32mhmr update [39m[2m/src/App.jsx, /src/index.css[22m
[2m10:06:15 AM[22m [36m[1m[vite][22m[39m [90m[2m(client)[22m[39m [32mhmr update [39m[2m/src/pages/accounts/DepositPage.jsx, /src/index.css[22m
[2m10:06:15 AM[22m [36m[1m[vite][22m[39m [90m[2m(client)[22m[39m [32mhmr update [39m[2m/src/pages/admin/CooperativeDetail.jsx, /src/index.css[22m
[2m10:06:15 AM[22m [36m[1m[vite][22m[39m [90m[2m(client)[22m[39m [32mhmr update [39m[2m/src/App.jsx, /src/index.css[22m
[2m10:06:18 AM[22m [36m[1m[vite][22m[39m [90m[2m(client)[22m[39m [32mhmr update [39m[2m/src/pages/marketplace/CooperativeProfile.jsx, /src/index.css[22m
[2m10:06:20 AM[22m [36m[1m[vite][22m[39m [90m[2m(client)[22m[39m [32mhmr update [39m[2m/src/pages/accounts/DepositPage.jsx, /src/index.css[22m
[2m10:06:20 AM[22m [36m[1m[vite][22m[39m [90m[2m(client)[22m[39m [32mhmr update [39m[2m/src/pages/admin/PlatformUsers.jsx, /src/index.css[22m
[2m10:06:20 AM[22m [36m[1m[vite][22m[39m [90m[2m(client)[22m[39m [32mhmr update [39m[2m/src/index.css, /src/pages/transactions/TransactionList.jsx, /src/pages/transactions/TransactionDetail.jsx, /src/pages/reports/ReportsDashboard.jsx, /src/pages/member/MemberTransactions.jsx[22m
[2m10:06:20 AM[22m [36m[1m[vite][22m[39m [90m[2m(client)[22m[39m [32mhmr update [39m[2m/src/index.css, /src/pages/transactions/TransactionList.jsx, /src/pages/transactions/TransactionDetail.jsx, /src/pages/reports/ReportsDashboard.jsx, /src/pages/member/MemberTransactions.jsx[22m
[2m10:06:25 AM[22m [36m[1m[vite][22m[39m [90m[2m(client)[22m[39m [32mhmr update [39m[2m/src/pages/marketplace/CooperativeProfile.jsx, /src/index.css[22m
[2m10:06:26 AM[22m [36m[1m[vite][22m[39m [90m[2m(client)[22m[39m [32mhmr update [39m[2m/src/pages/admin/PlatformUsers.jsx, /src/index.css[22m
[2m10:06:27 AM[22m [36m[1m[vite][22m[39m [90m[2m(client)[22m[39m [32mhmr update [39m[2m/src/pages/accounts/DepositPage.jsx, /src/index.css[22m
[2m10:06:30 AM[22m [36m[1m[vite][22m[39m [90m[2m(client)[22m[39m [32mhmr update [39m[2m/src/pages/marketplace/MarketplaceDirectory.jsx, /src/index.css[22m
[2m10:06:30 AM[22m [36m[1m[vite][22m[39m [90m[2m(client)[22m[39m [32mhmr update [39m[2m/src/pages/marketplace/MarketplaceDirectory.jsx, /src/index.css[22m
[2m10:06:30 AM[22m [36m[1m[vite][22m[39m [90m[2m(client)[22m[39m [32mhmr update [39m[2m/src/pages/cooperative/CooperativeSettings.jsx, /src/index.css[22m
[2m10:06:31 AM[22m [36m[1m[vite][22m[39m [90m[2m(client)[22m[39m [32mhmr update [39m[2m/src/App.jsx, /src/index.css[22m
[2m10:06:31 AM[22m [36m[1m[vite][22m[39m [90m[2m(client)[22m[39m [32mhmr update [39m[2m/src/pages/accounts/DepositPage.jsx, /src/index.css[22m
[2m10:06:34 AM[22m [36m[1m[vite][22m[39m [90m[2m(client)[22m[39m [32mhmr update [39m[2m/src/index.css, /src/pages/transactions/TransactionList.jsx, /src/pages/transactions/TransactionDetail.jsx, /src/pages/reports/ReportsDashboard.jsx, /src/pages/member/MemberTransactions.jsx[22m
[2m10:06:34 AM[22m [36m[1m[vite][22m[39m [90m[2m(client)[22m[39m [32mhmr update [39m[2m/src/index.css, /src/pages/transactions/TransactionList.jsx, /src/pages/transactions/TransactionDetail.jsx, /src/pages/reports/ReportsDashboard.jsx, /src/pages/member/MemberTransactions.jsx[22m
[2m10:06:35 AM[22m [36m[1m[vite][22m[39m [90m[2m(client)[22m[39m [32mhmr update [39m[2m/src/pages/accounts/WithdrawalPage.jsx, /src/index.css[22m
[2m10:06:35 AM[22m [36m[1m[vite][22m[39m [90m[2m(client)[22m[39m [32mhmr update [39m[2m/src/pages/accounts/WithdrawalPage.jsx, /src/index.css[22m
[2m10:06:38 AM[22m [36m[1m[vite][22m[39m [90m[2m(client)[22m[39m [32mhmr update [39m[2m/src/pages/marketplace/MarketplaceDirectory.jsx, /src/index.css[22m
[2m10:06:40 AM[22m [36m[1m[vite][22m[39m [90m[2m(client)[22m[39m [32mhmr update [39m[2m/src/App.jsx, /src/index.css[22m
[2m10:06:40 AM[22m [36m[1m[vite][22m[39m [90m[2m(client)[22m[39m [32mhmr update [39m[2m/src/pages/accounts/WithdrawalPage.jsx, /src/index.css[22m
[2m10:06:45 AM[22m [36m[1m[vite][22m[39m [90m[2m(client)[22m[39m [32mhmr update [39m[2m/src/index.css, /src/components/dashboard/KycApplicationsSection.jsx[22m
[2m10:06:45 AM[22m [36m[1m[vite][22m[39m [90m[2m(client)[22m[39m [32mhmr update [39m[2m/src/pages/home/Home.jsx, /src/index.css[22m
[2m10:06:45 AM[22m [36m[1m[vite][22m[39m [90m[2m(client)[22m[39m [32mhmr update [39m[2m/src/pages/accounts/WithdrawalPage.jsx, /src/index.css[22m
[2m10:06:45 AM[22m [36m[1m[vite][22m[39m [90m[2m(client)[22m[39m [32mhmr update [39m[2m/src/pages/accounts/WithdrawalPage.jsx, /src/index.css[22m
[2m10:06:51 AM[22m [36m[1m[vite][22m[39m [90m[2m(client)[22m[39m [32mhmr update [39m[2m/src/index.css, /src/components/dashboard/KycApplicationsSection.jsx[22m
[2m10:06:51 AM[22m [36m[1m[vite][22m[39m [90m[2m(client)[22m[39m [32mhmr update [39m[2m/src/pages/accounts/WithdrawalPage.jsx, /src/index.css[22m
[2m10:06:52 AM[22m [36m[1m[vite][22m[39m [90m[2m(client)[22m[39m [32mhmr update [39m[2m/src/pages/home/Home.jsx, /src/index.css[22m
[2m10:06:54 AM[22m [36m[1m[vite][22m[39m [90m[2m(client)[22m[39m [32mhmr update [39m[2m/src/pages/sms-banking/SMSBankingPanel.jsx, /src/index.css[22m
[2m10:06:55 AM[22m [36m[1m[vite][22m[39m [90m[2m(client)[22m[39m [32mhmr update [39m[2m/src/pages/customers/MembershipApplications.jsx, /src/index.css[22m
[2m10:06:56 AM[22m [36m[1m[vite][22m[39m [90m[2m(client)[22m[39m [32mhmr update [39m[2m/src/pages/accounts/WithdrawalPage.jsx, /src/index.css[22m
[2m10:07:00 AM[22m [36m[1m[vite][22m[39m [90m[2m(client)[22m[39m [32mhmr update [39m[2m/src/index.css, /src/pages/transactions/TransactionList.jsx, /src/pages/transactions/TransactionDetail.jsx, /src/pages/reports/ReportsDashboard.jsx, /src/pages/member/MemberTransactions.jsx[22m
[2m10:07:00 AM[22m [36m[1m[vite][22m[39m [90m[2m(client)[22m[39m [32mhmr update [39m[2m/src/pages/transactions/TransactionList.jsx, /src/index.css[22m
[2m10:07:00 AM[22m [36m[1m[vite][22m[39m [90m[2m(client)[22m[39m [32mhmr update [39m[2m/src/pages/sms-banking/SMSBankingPanel.jsx, /src/index.css[22m
[2m10:07:00 AM[22m [36m[1m[vite][22m[39m [90m[2m(client)[22m[39m [32mhmr update [39m[2m/src/pages/sms-banking/SMSBankingPanel.jsx, /src/index.css[22m
[2m10:07:00 AM[22m [36m[1m[vite][22m[39m [90m[2m(client)[22m[39m [32mhmr update [39m[2m/src/pages/transactions/TransactionList.jsx, /src/index.css[22m
[2m10:07:03 AM[22m [36m[1m[vite][22m[39m [90m[2m(client)[22m[39m [32mhmr update [39m[2m/src/pages/customers/MembershipApplications.jsx, /src/index.css[22m
[2m10:07:04 AM[22m [36m[1m[vite][22m[39m [90m[2m(client)[22m[39m [32mhmr update [39m[2m/src/pages/transactions/TransactionList.jsx, /src/index.css[22m
[2m10:07:05 AM[22m [36m[1m[vite][22m[39m [90m[2m(client)[22m[39m [32mhmr update [39m[2m/src/pages/sms-banking/SMSBankingPanel.jsx, /src/index.css[22m
[2m10:07:07 AM[22m [36m[1m[vite][22m[39m [90m[2m(client)[22m[39m [32mhmr update [39m[2m/src/pages/customers/CustomerList.jsx, /src/index.css[22m
[2m10:07:08 AM[22m [36m[1m[vite][22m[39m [90m[2m(client)[22m[39m [32mhmr update [39m[2m/src/pages/transactions/TransactionDetail.jsx, /src/index.css[22m
[2m10:07:09 AM[22m [36m[1m[vite][22m[39m [90m[2m(client)[22m[39m [32mpage reload [39m[2mdist/index.html[22m
[2m10:07:10 AM[22m [36m[1m[vite][22m[39m [90m[2m(client)[22m[39m [32mhmr update [39m[2m/src/pages/customers/CustomerList.jsx, /src/index.css[22m
[2m10:07:12 AM[22m [36m[1m[vite][22m[39m [90m[2m(client)[22m[39m [32mhmr update [39m[2m/src/pages/transactions/TransactionDetail.jsx, /src/index.css[22m
[2m10:07:15 AM[22m [36m[1m[vite][22m[39m [90m[2m(client)[22m[39m [32mhmr update [39m[2m/src/pages/loans/LoanList.jsx, /src/index.css[22m
[2m10:07:18 AM[22m [36m[1m[vite][22m[39m [90m[2m(client)[22m[39m [32mhmr update [39m[2m/src/pages/loans/LoanList.jsx, /src/index.css[22m
[2m10:07:32 AM[22m [36m[1m[vite][22m[39m [90m[2m(client)[22m[39m [32mhmr update [39m[2m/src/pages/accounts/DepositPage.jsx, /src/index.css[22m
[2m10:07:35 AM[22m [36m[1m[vite][22m[39m [90m[2m(client)[22m[39m [32mhmr update [39m[2m/src/pages/accounts/WithdrawalPage.jsx, /src/index.css[22m
[2m10:07:39 AM[22m [36m[1m[vite][22m[39m [90m[2m(client)[22m[39m [32mhmr update [39m[2m/src/pages/loans/LoanList.jsx, /src/index.css[22m
[2m10:07:47 AM[22m [36m[1m[vite][22m[39m [90m[2m(client)[22m[39m [32mhmr update [39m[2m/src/pages/loans/LoanList.jsx, /src/index.css[22m
[2m10:07:50 AM[22m [36m[1m[vite][22m[39m [90m[2m(client)[22m[39m [32mhmr update [39m[2m/src/pages/loans/LoanList.jsx, /src/index.css[22m
[2m10:07:56 AM[22m [36m[1m[vite][22m[39m [90m[2m(client)[22m[39m [32mhmr update [39m[2m/src/pages/loans/LoanDetail.jsx, /src/index.css[22m
[2m10:08:00 AM[22m [36m[1m[vite][22m[39m [90m[2m(client)[22m[39m [32mhmr update [39m[2m/src/pages/loans/LoanDetail.jsx, /src/index.css[22m
[2m10:08:05 AM[22m [36m[1m[vite][22m[39m [90m[2m(client)[22m[39m [32mhmr update [39m[2m/src/pages/loans/LoanDetail.jsx, /src/index.css[22m
[2m10:08:11 AM[22m [36m[1m[vite][22m[39m [90m[2m(client)[22m[39m [32mhmr update [39m[2m/src/index.css[22m
[2m10:08:17 AM[22m [36m[1m[vite][22m[39m [90m[2m(client)[22m[39m [32mhmr update [39m[2m/src/index.css[22m
[2m10:08:29 AM[22m [36m[1m[vite][22m[39m [90m[2m(client)[22m[39m [32mhmr update [39m[2m/src/index.css, /src/components/Payment/EsewaModal.jsx[22m
[2m10:08:32 AM[22m [36m[1m[vite][22m[39m [90m[2m(client)[22m[39m [32mhmr update [39m[2m/src/index.css, /src/components/Payment/EsewaModal.jsx[22m
[2m10:08:37 AM[22m [36m[1m[vite][22m[39m [90m[2m(client)[22m[39m [32mhmr update [39m[2m/src/index.css, /src/components/Payment/EsewaModal.jsx[22m
[2m10:08:41 AM[22m [36m[1m[vite][22m[39m [90m[2m(client)[22m[39m [32mhmr update [39m[2m/src/index.css, /src/components/Payment/EsewaModal.jsx[22m
[2m10:08:49 AM[22m [36m[1m[vite][22m[39m [90m[2m(client)[22m[39m [32mhmr update [39m[2m/src/index.css[22m
[2m10:09:09 AM[22m [36m[1m[vite][22m[39m [90m[2m(client)[22m[39m [32mhmr update [39m[2m/src/pages/loans/LoanList.jsx, /src/index.css[22m
[2m10:11:28 AM[22m [36m[1m[vite][22m[39m [90m[2m(client)[22m[39m [32mpage reload [39m[2msrc/store/mainApi.js[22m
[2m10:11:37 AM[22m [36m[1m[vite][22m[39m [90m[2m(client)[22m[39m [32mhmr update [39m[2m/src/pages/member/MemberDashboard.jsx, /src/index.css[22m
[2m10:11:41 AM[22m [36m[1m[vite][22m[39m [90m[2m(client)[22m[39m [32mhmr update [39m[2m/src/pages/member/MemberDashboard.jsx, /src/index.css[22m
[2m10:11:45 AM[22m [36m[1m[vite][22m[39m [90m[2m(client)[22m[39m [32mhmr update [39m[2m/src/pages/member/MemberDashboard.jsx, /src/index.css[22m
[2m10:11:49 AM[22m [36m[1m[vite][22m[39m [90m[2m(client)[22m[39m [32mhmr update [39m[2m/src/pages/member/MemberDashboard.jsx, /src/index.css[22m
[2m10:12:00 AM[22m [36m[1m[vite][22m[39m [90m[2m(client)[22m[39m [32mpage reload [39m[2mdist/index.html[22m
